<!doctype html public "-//w3c//dtd html 4.0 transitional//en">
<html><head>
<title>Static Call Graph - [.\ZSHW7.2]</title></head>
<body><HR>
<H1>Static Call Graph for image .\ZSHW7.2</H1><HR>
<BR><P>#&#060CALLGRAPH&#062# ARM Linker, 5.03 [Build 76]: Last Updated: Sat Oct 28 12:55:30 2017
<BR><P>
<H3>Maximum Stack Usage =          0 bytes + Unknown(Functions without stacksize, Untraceable Function Pointers)</H3><H3>
Call chain for Maximum Stack Depth:</H3>

<P>
<H3>
Functions with no stack information
</H3><UL>
 <LI><a href="#[0]">encrypt</a>
 <LI><a href="#[1]">decrypt</a>
 <LI><a href="#[2]">compare</a>
 <LI><a href="#[3]">done</a>
</UL>
</UL>
<P>
<H3>
Function Pointers
</H3><UL>
 <LI><a href="#[2]">compare</a> from zshw7.2.o(ZSHW72) referenced from zshw7.2.o(ZSHW72)
 <LI><a href="#[1]">decrypt</a> from zshw7.2.o(ZSHW72) referenced from zshw7.2.o(ZSHW72)
 <LI><a href="#[3]">done</a> from zshw7.2.o(ZSHW72) referenced from zshw7.2.o(ZSHW72)
 <LI><a href="#[0]">encrypt</a> from zshw7.2.o(ZSHW72) referenced from zshw7.2.o(ZSHW72)
</UL>
<P>
<H3>
Global Symbols
</H3><P>
<H3>
Local Symbols
</H3>
<P><STRONG><a name="[0]"></a>encrypt</STRONG> (ARM, 0 bytes, Stack size unknown bytes, zshw7.2.o(ZSHW72))
<BR>[Address Reference Count : 1]<UL><LI> zshw7.2.o(ZSHW72)
</UL>
<P><STRONG><a name="[1]"></a>decrypt</STRONG> (ARM, 0 bytes, Stack size unknown bytes, zshw7.2.o(ZSHW72))
<BR>[Address Reference Count : 1]<UL><LI> zshw7.2.o(ZSHW72)
</UL>
<P><STRONG><a name="[2]"></a>compare</STRONG> (ARM, 0 bytes, Stack size unknown bytes, zshw7.2.o(ZSHW72))
<BR>[Address Reference Count : 1]<UL><LI> zshw7.2.o(ZSHW72)
</UL>
<P><STRONG><a name="[3]"></a>done</STRONG> (ARM, 0 bytes, Stack size unknown bytes, zshw7.2.o(ZSHW72))
<BR>[Address Reference Count : 1]<UL><LI> zshw7.2.o(ZSHW72)
</UL><P>
<H3>
Undefined Global Symbols
</H3><HR></body></html>
