<html>
<body>
<pre>
<h1>µVision Build Log</h1>
<h2>Project:</h2>
C:\Keil\ARM\Examples\Hello\CS2400\ZSHW6.3\ZSHW6.3.uvproj
Project File Date:  10/20/2017

<h2>Output:</h2>
Build target 'Target 1'
assembling ZSHW6.3.s...
linking...
Program Size: Code=348 RO-data=0 RW-data=8 ZI-data=0  
".\ZSHW6.3" - 0 Error(s), 0 Warning(s).
naligned destination, expect destination to be 4 byte aligned
ZSHW6.3.s(91): warning: A1581W: Added 1 bytes of padding at address 0x103
".\ZSHW6.3" - 1 Error(s), 2 Warning(s).
Target not created
