<!doctype html public "-//w3c//dtd html 4.0 transitional//en">
<html><head>
<title>Static Call Graph - [.\ZSHW6.3]</title></head>
<body><HR>
<H1>Static Call Graph for image .\ZSHW6.3</H1><HR>
<BR><P>#&#060CALLGRAPH&#062# ARM Linker, 5.03 [Build 76]: Last Updated: Mon Oct 23 12:03:52 2017
<BR><P>
<H3>Maximum Stack Usage =          0 bytes + Unknown(Functions without stacksize)</H3><H3>
Call chain for Maximum Stack Depth:</H3>

<P>
<H3>
Functions with no stack information
</H3><UL>
 <LI><a href="#[1]">randomnumber</a>
 <LI><a href="#[0]">zshw6</a>
</UL>
</UL>
<P>
<H3>
Global Symbols
</H3>
<P><STRONG><a name="[1]"></a>randomnumber</STRONG> (ARM, 0 bytes, Stack size unknown bytes, random.o(Random$$code))
<BR><BR>[Called By]<UL><LI><a href="#[0]">&gt;&gt;</a>&nbsp;&nbsp;&nbsp;zshw6
</UL>

<P><STRONG><a name="[0]"></a>zshw6</STRONG> (ARM, 0 bytes, Stack size unknown bytes, zshw6.3.o(ZSHW6))
<BR><BR>[Calls]<UL><LI><a href="#[1]">&gt;&gt;</a>&nbsp;&nbsp;&nbsp;randomnumber
</UL>
<P>
<H3>
Local Symbols
</H3><P>
<H3>
Undefined Global Symbols
</H3><HR></body></html>
